---
source: tools/lxpull/tests/integration.rs
assertion_line: 89
expression: "serde_json::to_string_pretty(&out).unwrap()"
---
{
  "records": [
    {
      "email": "alice.johnson@acme.com",
      "name": "Alice Johnson"
    },
    {
      "email": "bob.smith@acme.com",
      "name": "Bob Smith"
    }
  ],
  "truncated": false
}
